// Jest Snapshot v1, https://goo.gl/fbAQLP

exports[`AppComponent should match snapshot 1`] = `
<app-root
  subTitle={[Function String]}
  title={[Function String]}
>
  <app-layout
    title="Games"
  />
</app-root>
`;
