// Jest Snapshot v1, https://goo.gl/fbAQLP

exports[`LayoutComponent should match snapshot 1`] = `
<app-layout>
  <header /><main>
     --/ router-outlet -- 
    <router-outlet />
     -- router-outlet /--
  
  </main>
</app-layout>
`;
