// Jest Snapshot v1, https://goo.gl/fbAQLP

exports[`LoginComponent should match snapshot 1`] = `
<app-login
  userService={[Function Object]}
  users$="undefined"
>
  <h2>
    User list
  </h2><ul>
    
  </ul>
</app-login>
`;
