// Jest Snapshot v1, https://goo.gl/fbAQLP

exports[`GamesComponent should match snapshot 1`] = `
<app-games
  games$="undefined"
  gamesService={[Function Object]}
>
  <h2>
    Game list
  </h2><ul>
    
  </ul>
</app-games>
`;
