// Jest Snapshot v1, https://goo.gl/fbAQLP

exports[`FridayComponent should match snapshot 1`] = `
<app-fr-friday>
  <app-fr-games /><br /><hr /><br /><app-fr-active-game />
</app-fr-friday>
`;
