// Jest Snapshot v1, https://goo.gl/fbAQLP

exports[`FridayComponent should match snapshot 1`] = `
<app-friday>
  <p>
     friday works!
  
  </p>
</app-friday>
`;
